System started successfully
Error: failed to connect
Warning: low memory
Error: disk not found
User logged in
Error: timeout occurred
